Zilog eZ80 Macro Assembler Version 4.3 (19073001) RELISTED20-Aug-23     08:54:13     page:   1


PC     Object              I  Line    Source 
                           A     1    ;
                           A     2    ; Title:	Memory Dump - Output functions
                           A     3    ; Author:	Dean Belfield
                           A     4    ; Created:	15/11/2022
                           A     5    ; Last Updated:	15/11/2022
                           A     6    ;
                           A     7    ; Modinfo:
                           A     8    
                           B     0    			INCLUDE	"equs.inc"
                           B     1    ;
                           B     2    ; Title:	Memory Dump - Equs
                           B     3    ; Author:	Dean Belfield
                           B     4    ; Created:	15/11/2022
                           B     5    ; Last Updated:	15/11/2022
                           B     6    ;
                           B     7    ; Modinfo:
                           B     8    				
       0000FF00            B     9    RAM_Top:		EQU		0FF00h
       00000000            B    10    Stack_Top:		EQU		00000h	; Stack at top
                           B    11    	
                           B    12    ; For GPIO
                           B    13    ; PA not available on eZ80L92
                           B    14    ;
       00000096            B    15    PA_DR:			EQU		96h
       00000097            B    16    PA_DDR:			EQU		97h
       00000098            B    17    PA_ALT1:		EQU		98h
       00000099            B    18    PA_ALT2:		EQU		99h
       0000009A            B    19    PB_DR:          	EQU		9Ah
       0000009B            B    20    PB_DDR:        	 	EQU		9Bh
       0000009C            B    21    PB_ALT1:        	EQU		9Ch
       0000009D            B    22    PB_ALT2:        	EQU		9Dh
       0000009E            B    23    PC_DR:          	EQU		9Eh
       0000009F            B    24    PC_DDR:         	EQU		9Fh
       000000A0            B    25    PC_ALT1:        	EQU		A0h
       000000A1            B    26    PC_ALT2:        	EQU		A1h
       000000A2            B    27    PD_DR:          	EQU		A2h
       000000A3            B    28    PD_DDR:			EQU		A3h
       000000A4            B    29    PD_ALT1:		EQU		A4h
       000000A5            B    30    PD_ALT2:		EQU		A5h
                           B    31    	
       00000000            B    32    GPIOMODE_OUT:		EQU		0	; Output
       00000001            B    33    GPIOMODE_IN:		EQU		1	; Input
       00000002            B    34    GPIOMODE_DIO:		EQU		2	; Open Drain IO
       00000003            B    35    GPIOMODE_SIO:		EQU		3	; Open Source I
       00000004            B    36    GPIOMODE_INTD:		EQU		4	; Interrupt, Du
       00000005            B    37    GPIOMODE_ALTF:		EQU		5;	; Alt Function
       00000006            B    38    GPIOMODE_INTAL:		EQU		6	; Interrupt, Ac
       00000007            B    39    GPIOMODE_INTAH:		EQU		7	; Interrupt, Ac
       00000008            B    40    GPIOMODE_INTFE:		EQU		8	; Interrupt, Fa
       00000009            B    41    GPIOMODE_INTRE:		EQU		9	; Interrupt, Ri
                           B    42    	
                           B    43    ; For serial.asm
                           B    44    ; 
       016E3600            B    45    BASE_CLOCK		EQU	24000000	; It's actually
                           B    46    
       00000003            B    47    BAUD_500000		EQU	BASE_CLOCK / (16 * 500000)
       00000006            B    48    BAUD_250000		EQU	BASE_CLOCK / (16 * 250000)
       0000000C            B    49    BAUD_125000		EQU	BASE_CLOCK / (16 * 125000)
       0000004E            B    50    BAUD_19200		EQU	BASE_CLOCK / (16 * 19200)	
                           B    51    
                           B    52    ; For interrupts.asm
                           B    53    ;
                           B    54    
                           B    55    ;UARTs
                           B    56    ;
       00000018            B    57    UART0_IVECT		EQU		18h
       0000001A            B    58    UART1_IVECT		EQU		1Ah
                           B    59    
                           B    60    ;Ports
                           B    61    ;
       00000030            B    62    PB0_IVECT   		EQU   	30h	; AGON ITRP Int
       00000032            B    63    PB1_IVECT  	  	EQU  	32h	; AGON VBLANK Inter
       00000034            B    64    PB2_IVECT  	  	EQU   	34h
       00000036            B    65    PB3_IVECT  	  	EQU   	36h
       00000038            B    66    PB4_IVECT    		EQU   	38h
       0000003A            B    67    PB5_IVECT    		EQU   	3Ah
       0000003C            B    68    PB6_IVECT    		EQU   	3Ch
       0000003E            B    69    PB7_IVECT    		EQU   	3Eh
                           B    70                           
       00000040            B    71    PC0_IVECT    		EQU   	40h
       00000042            B    72    PC1_IVECT    		EQU   	42h
       00000044            B    73    PC2_IVECT    		EQU   	44h
       00000046            B    74    PC3_IVECT    		EQU   	46h
       00000048            B    75    PC4_IVECT    		EQU   	48h
       0000004A            B    76    PC5_IVECT    		EQU   	4Ah
       0000004C            B    77    PC6_IVECT    		EQU   	4Ch
       0000004E            B    78    PC7_IVECT    		EQU   	4Eh
                           B    79                           
       00000050            B    80    PD0_IVECT    		EQU   	50h
       00000052            B    81    PD1_IVECT    		EQU   	52h
       00000054            B    82    PD2_IVECT    		EQU   	54h
       00000056            B    83    PD3_IVECT    		EQU   	56h
       00000058            B    84    PD4_IVECT    		EQU   	58h
       0000005A            B    85    PD5_IVECT    		EQU   	5Ah
       0000005C            B    86    PD6_IVECT    		EQU   	5Ch
       0000005E            B    87    PD7_IVECT    		EQU   	5Eh
                           B    88    
                           B    89    ; Originally in main.asm
                           B    90    ;
       0000000D            B    91    CR:			EQU     0DH
       0000000A            B    92    LF:			EQU     0AH
       0000001B            B    93    ESC:			EQU     1BH
                           A    10    
                           A    11    			.ASSUME	ADL = 0
                           A    12    
                           A    13    			SEGMENT CODE
                           A    14    			
                           A    15    			XDEF	Print_Hex24
                           A    16    			XDEF	Print_Hex16
                           A    17    			XDEF	Print_Hex8
                           A    18    				
                           A    19    			
                           A    20    ; Print a 24-bit HEX number
                           A    21    ; HLU: Number to print
                           A    22    ;
000684 5BE5                A    23    Print_Hex24:		PUSH.LIL	HL
000686 5B210200 00         A    24    			LD.LIL		HL, 2
00068B 5B39                A    25    			ADD.LIL		HL, SP
00068D 5B7E                A    26    			LD.LIL		A, (HL)
00068F 5BE1                A    27    			POP.LIL		HL
                           A    28    
000691 CD 99 06            A    29    			CALL		Print_Hex8			
                           A    30    			
                           A    31    ; Print a 16-bit HEX number
                           A    32    ; HL: Number to print
                           A    33    ;
000694 7C                  A    34    Print_Hex16:		LD	A,H
000695 CD 99 06            A    35    			CALL	Print_Hex8
000698 7D                  A    36    			LD	A,L
                           A    37    
                           A    38    ; Print an 8-bit HEX number
                           A    39    ; A: Number to print
                           A    40    ;
000699 4F                  A    41    Print_Hex8:		LD	C,A
00069A 1F                  A    42    			RRA 
00069B 1F                  A    43    			RRA 
00069C 1F                  A    44    			RRA 
00069D 1F                  A    45    			RRA 
00069E CD A2 06            A    46    			CALL	$F 
0006A1 79                  A    47    			LD	A,C 
0006A2 E60F                A    48    $$:			AND	0Fh
0006A4 C690                A    49    			ADD	A,90h
0006A6 27                  A    50    			DAA
0006A7 CE40                A    51    			ADC	A,40h
0006A9 27                  A    52    			DAA
0006AA D7                  A    53    			RST	10h
0006AB C9                  A    54    			RET


Errors: 0
Warnings: 0
Lines Assembled: 148
